// Jest Snapshot v1, https://goo.gl/fbAQLP

exports[`Scroll Tests should match snapshot 1`] = `
ShallowWrapper {
  "length": 1,
  Symbol(enzyme.__root__): [Circular],
  Symbol(enzyme.__unrendered__): <Scroll
    data={
        Array [
            Object {
              "Opening": "It is a period of civil was",
              "Release": "1977-05-25",
              "Title": "A New Hope",
            },
            Object {
              "Opening": "It is a period of civil was",
              "Release": "1977-05-25",
              "Title": "A New Hope",
            },
            Object {
              "Opening": "It is a period of civil was",
              "Release": "1977-05-25",
              "Title": "A New Hope",
            },
            Object {
              "Opening": "It is a period of civil was",
              "Release": "1977-05-25",
              "Title": "A New Hope",
            },
            Object {
              "Opening": "It is a period of civil was",
              "Release": "1977-05-25",
              "Title": "A New Hope",
            },
            Object {},
            Object {
              "Opening": "It is a period of civil was",
              "Release": "1977-05-25",
              "Title": "A New Hope",
            },
            Object {
              "Opening": "It is a period of civil was",
              "Release": "1977-05-25",
              "Title": "A New Hope",
            },
          ]
    }
    opening={1}
/>,
  Symbol(enzyme.__renderer__): Object {
    "batchedUpdates": [Function],
    "getNode": [Function],
    "render": [Function],
    "simulateEvent": [Function],
    "unmount": [Function],
  },
  Symbol(enzyme.__node__): Object {
    "instance": null,
    "key": undefined,
    "nodeType": "host",
    "props": Object {
      "children": <div
        className="crawl-container"
>
        <div
                className="fade"
        />
        <div
                className="star-wars"
        >
                <div
                        className="crawl"
                >
                        <p
                                className="crawl-text"
                        >
                                It is a period of civil was
                        </p>
                        <p
                                className="film-title"
                        >
                                A New Hope
                        </p>
                        <p
                                className="release-date"
                        >
                                1977-05-25
                        </p>
                </div>
        </div>
</div>,
    },
    "ref": null,
    "rendered": Object {
      "instance": null,
      "key": undefined,
      "nodeType": "host",
      "props": Object {
        "children": Array [
          <div
            className="fade"
/>,
          <div
            className="star-wars"
>
            <div
                        className="crawl"
            >
                        <p
                                    className="crawl-text"
                        >
                                    It is a period of civil was
                        </p>
                        <p
                                    className="film-title"
                        >
                                    A New Hope
                        </p>
                        <p
                                    className="release-date"
                        >
                                    1977-05-25
                        </p>
            </div>
</div>,
        ],
        "className": "crawl-container",
      },
      "ref": null,
      "rendered": Array [
        Object {
          "instance": null,
          "key": undefined,
          "nodeType": "host",
          "props": Object {
            "className": "fade",
          },
          "ref": null,
          "rendered": null,
          "type": "div",
        },
        Object {
          "instance": null,
          "key": undefined,
          "nodeType": "host",
          "props": Object {
            "children": <div
              className="crawl"
>
              <p
                            className="crawl-text"
              >
                            It is a period of civil was
              </p>
              <p
                            className="film-title"
              >
                            A New Hope
              </p>
              <p
                            className="release-date"
              >
                            1977-05-25
              </p>
</div>,
            "className": "star-wars",
          },
          "ref": null,
          "rendered": Object {
            "instance": null,
            "key": undefined,
            "nodeType": "host",
            "props": Object {
              "children": Array [
                <p
                  className="crawl-text"
>
                  It is a period of civil was
</p>,
                <p
                  className="film-title"
>
                  A New Hope
</p>,
                <p
                  className="release-date"
>
                  1977-05-25
</p>,
              ],
              "className": "crawl",
            },
            "ref": null,
            "rendered": Array [
              Object {
                "instance": null,
                "key": undefined,
                "nodeType": "host",
                "props": Object {
                  "children": "It is a period of civil was",
                  "className": "crawl-text",
                },
                "ref": null,
                "rendered": "It is a period of civil was",
                "type": "p",
              },
              Object {
                "instance": null,
                "key": undefined,
                "nodeType": "host",
                "props": Object {
                  "children": "A New Hope",
                  "className": "film-title",
                },
                "ref": null,
                "rendered": "A New Hope",
                "type": "p",
              },
              Object {
                "instance": null,
                "key": undefined,
                "nodeType": "host",
                "props": Object {
                  "children": "1977-05-25",
                  "className": "release-date",
                },
                "ref": null,
                "rendered": "1977-05-25",
                "type": "p",
              },
            ],
            "type": "div",
          },
          "type": "div",
        },
      ],
      "type": "div",
    },
    "type": "div",
  },
  Symbol(enzyme.__nodes__): Array [
    Object {
      "instance": null,
      "key": undefined,
      "nodeType": "host",
      "props": Object {
        "children": <div
          className="crawl-container"
>
          <div
                    className="fade"
          />
          <div
                    className="star-wars"
          >
                    <div
                              className="crawl"
                    >
                              <p
                                        className="crawl-text"
                              >
                                        It is a period of civil was
                              </p>
                              <p
                                        className="film-title"
                              >
                                        A New Hope
                              </p>
                              <p
                                        className="release-date"
                              >
                                        1977-05-25
                              </p>
                    </div>
          </div>
</div>,
      },
      "ref": null,
      "rendered": Object {
        "instance": null,
        "key": undefined,
        "nodeType": "host",
        "props": Object {
          "children": Array [
            <div
              className="fade"
/>,
            <div
              className="star-wars"
>
              <div
                            className="crawl"
              >
                            <p
                                          className="crawl-text"
                            >
                                          It is a period of civil was
                            </p>
                            <p
                                          className="film-title"
                            >
                                          A New Hope
                            </p>
                            <p
                                          className="release-date"
                            >
                                          1977-05-25
                            </p>
              </div>
</div>,
          ],
          "className": "crawl-container",
        },
        "ref": null,
        "rendered": Array [
          Object {
            "instance": null,
            "key": undefined,
            "nodeType": "host",
            "props": Object {
              "className": "fade",
            },
            "ref": null,
            "rendered": null,
            "type": "div",
          },
          Object {
            "instance": null,
            "key": undefined,
            "nodeType": "host",
            "props": Object {
              "children": <div
                className="crawl"
>
                <p
                                className="crawl-text"
                >
                                It is a period of civil was
                </p>
                <p
                                className="film-title"
                >
                                A New Hope
                </p>
                <p
                                className="release-date"
                >
                                1977-05-25
                </p>
</div>,
              "className": "star-wars",
            },
            "ref": null,
            "rendered": Object {
              "instance": null,
              "key": undefined,
              "nodeType": "host",
              "props": Object {
                "children": Array [
                  <p
                    className="crawl-text"
>
                    It is a period of civil was
</p>,
                  <p
                    className="film-title"
>
                    A New Hope
</p>,
                  <p
                    className="release-date"
>
                    1977-05-25
</p>,
                ],
                "className": "crawl",
              },
              "ref": null,
              "rendered": Array [
                Object {
                  "instance": null,
                  "key": undefined,
                  "nodeType": "host",
                  "props": Object {
                    "children": "It is a period of civil was",
                    "className": "crawl-text",
                  },
                  "ref": null,
                  "rendered": "It is a period of civil was",
                  "type": "p",
                },
                Object {
                  "instance": null,
                  "key": undefined,
                  "nodeType": "host",
                  "props": Object {
                    "children": "A New Hope",
                    "className": "film-title",
                  },
                  "ref": null,
                  "rendered": "A New Hope",
                  "type": "p",
                },
                Object {
                  "instance": null,
                  "key": undefined,
                  "nodeType": "host",
                  "props": Object {
                    "children": "1977-05-25",
                    "className": "release-date",
                  },
                  "ref": null,
                  "rendered": "1977-05-25",
                  "type": "p",
                },
              ],
              "type": "div",
            },
            "type": "div",
          },
        ],
        "type": "div",
      },
      "type": "div",
    },
  ],
  Symbol(enzyme.__options__): Object {
    "adapter": ReactSixteenAdapter {
      "options": Object {
        "enableComponentDidUpdateOnSetState": true,
      },
    },
  },
}
`;
