// Jest Snapshot v1, https://goo.gl/fbAQLP

exports[`CardContainer                   Tests should match snapshot 1`] = `
ShallowWrapper {
  "length": 1,
  Symbol(enzyme.__root__): [Circular],
  Symbol(enzyme.__unrendered__): <CardContainer
    cardType={
        Array [
            Object {
              "Homeworld": "Tatooine",
              "Name": "Luke Skywalker",
              "Population": "200000",
              "Species": "Human",
            },
            Object {
              "Homeworld": "Tatooine",
              "Name": "Luke Skywalker",
              "Population": "200000",
              "Species": "Human",
            },
            Object {
              "Homeworld": "Tatooine",
              "Name": "Luke Skywalker",
              "Population": "200000",
              "Species": "Human",
            },
            Object {
              "Homeworld": "Tatooine",
              "Name": "Luke Skywalker",
              "Population": "200000",
              "Species": "Human",
            },
            Object {
              "Homeworld": "Tatooine",
              "Name": "Luke Skywalker",
              "Population": "200000",
              "Species": "Human",
            },
            Object {
              "Homeworld": "Tatooine",
              "Name": "Luke Skywalker",
              "Population": "200000",
              "Species": "Human",
            },
            Object {
              "Homeworld": "Tatooine",
              "Name": "Luke Skywalker",
              "Population": "200000",
              "Species": "Human",
            },
            Object {
              "Homeworld": "Tatooine",
              "Name": "Luke Skywalker",
              "Population": "200000",
              "Species": "Human",
            },
            Object {
              "Homeworld": "Tatooine",
              "Name": "Luke Skywalker",
              "Population": "200000",
              "Species": "Human",
            },
            Object {
              "Homeworld": "Tatooine",
              "Name": "Luke Skywalker",
              "Population": "200000",
              "Species": "Human",
            },
          ]
    }
    setFavorite={[Function]}
/>,
  Symbol(enzyme.__renderer__): Object {
    "batchedUpdates": [Function],
    "getNode": [Function],
    "render": [Function],
    "simulateEvent": [Function],
    "unmount": [Function],
  },
  Symbol(enzyme.__node__): Object {
    "instance": null,
    "key": undefined,
    "nodeType": "host",
    "props": Object {
      "children": <div
        className="cards"
>
        <Card
                cardData={
                        Object {
                                "Homeworld": "Tatooine",
                                "Name": "Luke Skywalker",
                                "Population": "200000",
                                "Species": "Human",
                              }
                }
                setFavorite={[Function]}
        />
        <Card
                cardData={
                        Object {
                                "Homeworld": "Tatooine",
                                "Name": "Luke Skywalker",
                                "Population": "200000",
                                "Species": "Human",
                              }
                }
                setFavorite={[Function]}
        />
        <Card
                cardData={
                        Object {
                                "Homeworld": "Tatooine",
                                "Name": "Luke Skywalker",
                                "Population": "200000",
                                "Species": "Human",
                              }
                }
                setFavorite={[Function]}
        />
        <Card
                cardData={
                        Object {
                                "Homeworld": "Tatooine",
                                "Name": "Luke Skywalker",
                                "Population": "200000",
                                "Species": "Human",
                              }
                }
                setFavorite={[Function]}
        />
        <Card
                cardData={
                        Object {
                                "Homeworld": "Tatooine",
                                "Name": "Luke Skywalker",
                                "Population": "200000",
                                "Species": "Human",
                              }
                }
                setFavorite={[Function]}
        />
        <Card
                cardData={
                        Object {
                                "Homeworld": "Tatooine",
                                "Name": "Luke Skywalker",
                                "Population": "200000",
                                "Species": "Human",
                              }
                }
                setFavorite={[Function]}
        />
        <Card
                cardData={
                        Object {
                                "Homeworld": "Tatooine",
                                "Name": "Luke Skywalker",
                                "Population": "200000",
                                "Species": "Human",
                              }
                }
                setFavorite={[Function]}
        />
        <Card
                cardData={
                        Object {
                                "Homeworld": "Tatooine",
                                "Name": "Luke Skywalker",
                                "Population": "200000",
                                "Species": "Human",
                              }
                }
                setFavorite={[Function]}
        />
        <Card
                cardData={
                        Object {
                                "Homeworld": "Tatooine",
                                "Name": "Luke Skywalker",
                                "Population": "200000",
                                "Species": "Human",
                              }
                }
                setFavorite={[Function]}
        />
        <Card
                cardData={
                        Object {
                                "Homeworld": "Tatooine",
                                "Name": "Luke Skywalker",
                                "Population": "200000",
                                "Species": "Human",
                              }
                }
                setFavorite={[Function]}
        />
</div>,
      "className": "card-container",
    },
    "ref": null,
    "rendered": Object {
      "instance": null,
      "key": undefined,
      "nodeType": "host",
      "props": Object {
        "children": Array [
          <Card
            cardData={
                        Object {
                                    "Homeworld": "Tatooine",
                                    "Name": "Luke Skywalker",
                                    "Population": "200000",
                                    "Species": "Human",
                                  }
            }
            setFavorite={[Function]}
/>,
          <Card
            cardData={
                        Object {
                                    "Homeworld": "Tatooine",
                                    "Name": "Luke Skywalker",
                                    "Population": "200000",
                                    "Species": "Human",
                                  }
            }
            setFavorite={[Function]}
/>,
          <Card
            cardData={
                        Object {
                                    "Homeworld": "Tatooine",
                                    "Name": "Luke Skywalker",
                                    "Population": "200000",
                                    "Species": "Human",
                                  }
            }
            setFavorite={[Function]}
/>,
          <Card
            cardData={
                        Object {
                                    "Homeworld": "Tatooine",
                                    "Name": "Luke Skywalker",
                                    "Population": "200000",
                                    "Species": "Human",
                                  }
            }
            setFavorite={[Function]}
/>,
          <Card
            cardData={
                        Object {
                                    "Homeworld": "Tatooine",
                                    "Name": "Luke Skywalker",
                                    "Population": "200000",
                                    "Species": "Human",
                                  }
            }
            setFavorite={[Function]}
/>,
          <Card
            cardData={
                        Object {
                                    "Homeworld": "Tatooine",
                                    "Name": "Luke Skywalker",
                                    "Population": "200000",
                                    "Species": "Human",
                                  }
            }
            setFavorite={[Function]}
/>,
          <Card
            cardData={
                        Object {
                                    "Homeworld": "Tatooine",
                                    "Name": "Luke Skywalker",
                                    "Population": "200000",
                                    "Species": "Human",
                                  }
            }
            setFavorite={[Function]}
/>,
          <Card
            cardData={
                        Object {
                                    "Homeworld": "Tatooine",
                                    "Name": "Luke Skywalker",
                                    "Population": "200000",
                                    "Species": "Human",
                                  }
            }
            setFavorite={[Function]}
/>,
          <Card
            cardData={
                        Object {
                                    "Homeworld": "Tatooine",
                                    "Name": "Luke Skywalker",
                                    "Population": "200000",
                                    "Species": "Human",
                                  }
            }
            setFavorite={[Function]}
/>,
          <Card
            cardData={
                        Object {
                                    "Homeworld": "Tatooine",
                                    "Name": "Luke Skywalker",
                                    "Population": "200000",
                                    "Species": "Human",
                                  }
            }
            setFavorite={[Function]}
/>,
        ],
        "className": "cards",
      },
      "ref": null,
      "rendered": Array [
        Object {
          "instance": null,
          "key": "0",
          "nodeType": "function",
          "props": Object {
            "cardData": Object {
              "Homeworld": "Tatooine",
              "Name": "Luke Skywalker",
              "Population": "200000",
              "Species": "Human",
            },
            "setFavorite": [Function],
          },
          "ref": null,
          "rendered": null,
          "type": [Function],
        },
        Object {
          "instance": null,
          "key": "1",
          "nodeType": "function",
          "props": Object {
            "cardData": Object {
              "Homeworld": "Tatooine",
              "Name": "Luke Skywalker",
              "Population": "200000",
              "Species": "Human",
            },
            "setFavorite": [Function],
          },
          "ref": null,
          "rendered": null,
          "type": [Function],
        },
        Object {
          "instance": null,
          "key": "2",
          "nodeType": "function",
          "props": Object {
            "cardData": Object {
              "Homeworld": "Tatooine",
              "Name": "Luke Skywalker",
              "Population": "200000",
              "Species": "Human",
            },
            "setFavorite": [Function],
          },
          "ref": null,
          "rendered": null,
          "type": [Function],
        },
        Object {
          "instance": null,
          "key": "3",
          "nodeType": "function",
          "props": Object {
            "cardData": Object {
              "Homeworld": "Tatooine",
              "Name": "Luke Skywalker",
              "Population": "200000",
              "Species": "Human",
            },
            "setFavorite": [Function],
          },
          "ref": null,
          "rendered": null,
          "type": [Function],
        },
        Object {
          "instance": null,
          "key": "4",
          "nodeType": "function",
          "props": Object {
            "cardData": Object {
              "Homeworld": "Tatooine",
              "Name": "Luke Skywalker",
              "Population": "200000",
              "Species": "Human",
            },
            "setFavorite": [Function],
          },
          "ref": null,
          "rendered": null,
          "type": [Function],
        },
        Object {
          "instance": null,
          "key": "5",
          "nodeType": "function",
          "props": Object {
            "cardData": Object {
              "Homeworld": "Tatooine",
              "Name": "Luke Skywalker",
              "Population": "200000",
              "Species": "Human",
            },
            "setFavorite": [Function],
          },
          "ref": null,
          "rendered": null,
          "type": [Function],
        },
        Object {
          "instance": null,
          "key": "6",
          "nodeType": "function",
          "props": Object {
            "cardData": Object {
              "Homeworld": "Tatooine",
              "Name": "Luke Skywalker",
              "Population": "200000",
              "Species": "Human",
            },
            "setFavorite": [Function],
          },
          "ref": null,
          "rendered": null,
          "type": [Function],
        },
        Object {
          "instance": null,
          "key": "7",
          "nodeType": "function",
          "props": Object {
            "cardData": Object {
              "Homeworld": "Tatooine",
              "Name": "Luke Skywalker",
              "Population": "200000",
              "Species": "Human",
            },
            "setFavorite": [Function],
          },
          "ref": null,
          "rendered": null,
          "type": [Function],
        },
        Object {
          "instance": null,
          "key": "8",
          "nodeType": "function",
          "props": Object {
            "cardData": Object {
              "Homeworld": "Tatooine",
              "Name": "Luke Skywalker",
              "Population": "200000",
              "Species": "Human",
            },
            "setFavorite": [Function],
          },
          "ref": null,
          "rendered": null,
          "type": [Function],
        },
        Object {
          "instance": null,
          "key": "9",
          "nodeType": "function",
          "props": Object {
            "cardData": Object {
              "Homeworld": "Tatooine",
              "Name": "Luke Skywalker",
              "Population": "200000",
              "Species": "Human",
            },
            "setFavorite": [Function],
          },
          "ref": null,
          "rendered": null,
          "type": [Function],
        },
      ],
      "type": "div",
    },
    "type": "div",
  },
  Symbol(enzyme.__nodes__): Array [
    Object {
      "instance": null,
      "key": undefined,
      "nodeType": "host",
      "props": Object {
        "children": <div
          className="cards"
>
          <Card
                    cardData={
                              Object {
                                        "Homeworld": "Tatooine",
                                        "Name": "Luke Skywalker",
                                        "Population": "200000",
                                        "Species": "Human",
                                      }
                    }
                    setFavorite={[Function]}
          />
          <Card
                    cardData={
                              Object {
                                        "Homeworld": "Tatooine",
                                        "Name": "Luke Skywalker",
                                        "Population": "200000",
                                        "Species": "Human",
                                      }
                    }
                    setFavorite={[Function]}
          />
          <Card
                    cardData={
                              Object {
                                        "Homeworld": "Tatooine",
                                        "Name": "Luke Skywalker",
                                        "Population": "200000",
                                        "Species": "Human",
                                      }
                    }
                    setFavorite={[Function]}
          />
          <Card
                    cardData={
                              Object {
                                        "Homeworld": "Tatooine",
                                        "Name": "Luke Skywalker",
                                        "Population": "200000",
                                        "Species": "Human",
                                      }
                    }
                    setFavorite={[Function]}
          />
          <Card
                    cardData={
                              Object {
                                        "Homeworld": "Tatooine",
                                        "Name": "Luke Skywalker",
                                        "Population": "200000",
                                        "Species": "Human",
                                      }
                    }
                    setFavorite={[Function]}
          />
          <Card
                    cardData={
                              Object {
                                        "Homeworld": "Tatooine",
                                        "Name": "Luke Skywalker",
                                        "Population": "200000",
                                        "Species": "Human",
                                      }
                    }
                    setFavorite={[Function]}
          />
          <Card
                    cardData={
                              Object {
                                        "Homeworld": "Tatooine",
                                        "Name": "Luke Skywalker",
                                        "Population": "200000",
                                        "Species": "Human",
                                      }
                    }
                    setFavorite={[Function]}
          />
          <Card
                    cardData={
                              Object {
                                        "Homeworld": "Tatooine",
                                        "Name": "Luke Skywalker",
                                        "Population": "200000",
                                        "Species": "Human",
                                      }
                    }
                    setFavorite={[Function]}
          />
          <Card
                    cardData={
                              Object {
                                        "Homeworld": "Tatooine",
                                        "Name": "Luke Skywalker",
                                        "Population": "200000",
                                        "Species": "Human",
                                      }
                    }
                    setFavorite={[Function]}
          />
          <Card
                    cardData={
                              Object {
                                        "Homeworld": "Tatooine",
                                        "Name": "Luke Skywalker",
                                        "Population": "200000",
                                        "Species": "Human",
                                      }
                    }
                    setFavorite={[Function]}
          />
</div>,
        "className": "card-container",
      },
      "ref": null,
      "rendered": Object {
        "instance": null,
        "key": undefined,
        "nodeType": "host",
        "props": Object {
          "children": Array [
            <Card
              cardData={
                            Object {
                                          "Homeworld": "Tatooine",
                                          "Name": "Luke Skywalker",
                                          "Population": "200000",
                                          "Species": "Human",
                                        }
              }
              setFavorite={[Function]}
/>,
            <Card
              cardData={
                            Object {
                                          "Homeworld": "Tatooine",
                                          "Name": "Luke Skywalker",
                                          "Population": "200000",
                                          "Species": "Human",
                                        }
              }
              setFavorite={[Function]}
/>,
            <Card
              cardData={
                            Object {
                                          "Homeworld": "Tatooine",
                                          "Name": "Luke Skywalker",
                                          "Population": "200000",
                                          "Species": "Human",
                                        }
              }
              setFavorite={[Function]}
/>,
            <Card
              cardData={
                            Object {
                                          "Homeworld": "Tatooine",
                                          "Name": "Luke Skywalker",
                                          "Population": "200000",
                                          "Species": "Human",
                                        }
              }
              setFavorite={[Function]}
/>,
            <Card
              cardData={
                            Object {
                                          "Homeworld": "Tatooine",
                                          "Name": "Luke Skywalker",
                                          "Population": "200000",
                                          "Species": "Human",
                                        }
              }
              setFavorite={[Function]}
/>,
            <Card
              cardData={
                            Object {
                                          "Homeworld": "Tatooine",
                                          "Name": "Luke Skywalker",
                                          "Population": "200000",
                                          "Species": "Human",
                                        }
              }
              setFavorite={[Function]}
/>,
            <Card
              cardData={
                            Object {
                                          "Homeworld": "Tatooine",
                                          "Name": "Luke Skywalker",
                                          "Population": "200000",
                                          "Species": "Human",
                                        }
              }
              setFavorite={[Function]}
/>,
            <Card
              cardData={
                            Object {
                                          "Homeworld": "Tatooine",
                                          "Name": "Luke Skywalker",
                                          "Population": "200000",
                                          "Species": "Human",
                                        }
              }
              setFavorite={[Function]}
/>,
            <Card
              cardData={
                            Object {
                                          "Homeworld": "Tatooine",
                                          "Name": "Luke Skywalker",
                                          "Population": "200000",
                                          "Species": "Human",
                                        }
              }
              setFavorite={[Function]}
/>,
            <Card
              cardData={
                            Object {
                                          "Homeworld": "Tatooine",
                                          "Name": "Luke Skywalker",
                                          "Population": "200000",
                                          "Species": "Human",
                                        }
              }
              setFavorite={[Function]}
/>,
          ],
          "className": "cards",
        },
        "ref": null,
        "rendered": Array [
          Object {
            "instance": null,
            "key": "0",
            "nodeType": "function",
            "props": Object {
              "cardData": Object {
                "Homeworld": "Tatooine",
                "Name": "Luke Skywalker",
                "Population": "200000",
                "Species": "Human",
              },
              "setFavorite": [Function],
            },
            "ref": null,
            "rendered": null,
            "type": [Function],
          },
          Object {
            "instance": null,
            "key": "1",
            "nodeType": "function",
            "props": Object {
              "cardData": Object {
                "Homeworld": "Tatooine",
                "Name": "Luke Skywalker",
                "Population": "200000",
                "Species": "Human",
              },
              "setFavorite": [Function],
            },
            "ref": null,
            "rendered": null,
            "type": [Function],
          },
          Object {
            "instance": null,
            "key": "2",
            "nodeType": "function",
            "props": Object {
              "cardData": Object {
                "Homeworld": "Tatooine",
                "Name": "Luke Skywalker",
                "Population": "200000",
                "Species": "Human",
              },
              "setFavorite": [Function],
            },
            "ref": null,
            "rendered": null,
            "type": [Function],
          },
          Object {
            "instance": null,
            "key": "3",
            "nodeType": "function",
            "props": Object {
              "cardData": Object {
                "Homeworld": "Tatooine",
                "Name": "Luke Skywalker",
                "Population": "200000",
                "Species": "Human",
              },
              "setFavorite": [Function],
            },
            "ref": null,
            "rendered": null,
            "type": [Function],
          },
          Object {
            "instance": null,
            "key": "4",
            "nodeType": "function",
            "props": Object {
              "cardData": Object {
                "Homeworld": "Tatooine",
                "Name": "Luke Skywalker",
                "Population": "200000",
                "Species": "Human",
              },
              "setFavorite": [Function],
            },
            "ref": null,
            "rendered": null,
            "type": [Function],
          },
          Object {
            "instance": null,
            "key": "5",
            "nodeType": "function",
            "props": Object {
              "cardData": Object {
                "Homeworld": "Tatooine",
                "Name": "Luke Skywalker",
                "Population": "200000",
                "Species": "Human",
              },
              "setFavorite": [Function],
            },
            "ref": null,
            "rendered": null,
            "type": [Function],
          },
          Object {
            "instance": null,
            "key": "6",
            "nodeType": "function",
            "props": Object {
              "cardData": Object {
                "Homeworld": "Tatooine",
                "Name": "Luke Skywalker",
                "Population": "200000",
                "Species": "Human",
              },
              "setFavorite": [Function],
            },
            "ref": null,
            "rendered": null,
            "type": [Function],
          },
          Object {
            "instance": null,
            "key": "7",
            "nodeType": "function",
            "props": Object {
              "cardData": Object {
                "Homeworld": "Tatooine",
                "Name": "Luke Skywalker",
                "Population": "200000",
                "Species": "Human",
              },
              "setFavorite": [Function],
            },
            "ref": null,
            "rendered": null,
            "type": [Function],
          },
          Object {
            "instance": null,
            "key": "8",
            "nodeType": "function",
            "props": Object {
              "cardData": Object {
                "Homeworld": "Tatooine",
                "Name": "Luke Skywalker",
                "Population": "200000",
                "Species": "Human",
              },
              "setFavorite": [Function],
            },
            "ref": null,
            "rendered": null,
            "type": [Function],
          },
          Object {
            "instance": null,
            "key": "9",
            "nodeType": "function",
            "props": Object {
              "cardData": Object {
                "Homeworld": "Tatooine",
                "Name": "Luke Skywalker",
                "Population": "200000",
                "Species": "Human",
              },
              "setFavorite": [Function],
            },
            "ref": null,
            "rendered": null,
            "type": [Function],
          },
        ],
        "type": "div",
      },
      "type": "div",
    },
  ],
  Symbol(enzyme.__options__): Object {
    "adapter": ReactSixteenAdapter {
      "options": Object {
        "enableComponentDidUpdateOnSetState": true,
      },
    },
  },
}
`;
