// Jest Snapshot v1, https://goo.gl/fbAQLP

exports[`Card should match the snapshot 1`] = `
ShallowWrapper {
  "length": 1,
  Symbol(enzyme.__root__): [Circular],
  Symbol(enzyme.__unrendered__): <Card
    cardData={
        Object {
            "card": 1,
          }
    }
    setFavorite={[Function]}
/>,
  Symbol(enzyme.__renderer__): Object {
    "batchedUpdates": [Function],
    "getNode": [Function],
    "render": [Function],
    "simulateEvent": [Function],
    "unmount": [Function],
  },
  Symbol(enzyme.__node__): Object {
    "instance": null,
    "key": undefined,
    "nodeType": "host",
    "props": Object {
      "children": Array [
        <button
          className="favorite-btn highlight"
          onClick={[Function]}
>
          Favorite
</button>,
        Array [
          <div>
            <h3>
                        card
            </h3>
            <p>
                        1
            </p>
</div>,
        ],
      ],
      "className": "card-holder",
    },
    "ref": null,
    "rendered": Array [
      Object {
        "instance": null,
        "key": undefined,
        "nodeType": "host",
        "props": Object {
          "children": "Favorite",
          "className": "favorite-btn highlight",
          "onClick": [Function],
        },
        "ref": null,
        "rendered": "Favorite",
        "type": "button",
      },
      Object {
        "instance": null,
        "key": "0",
        "nodeType": "host",
        "props": Object {
          "children": Array [
            <h3>
              card
</h3>,
            <p>
              1
</p>,
          ],
        },
        "ref": null,
        "rendered": Array [
          Object {
            "instance": null,
            "key": undefined,
            "nodeType": "host",
            "props": Object {
              "children": "card",
            },
            "ref": null,
            "rendered": "card",
            "type": "h3",
          },
          Object {
            "instance": null,
            "key": undefined,
            "nodeType": "host",
            "props": Object {
              "children": 1,
            },
            "ref": null,
            "rendered": 1,
            "type": "p",
          },
        ],
        "type": "div",
      },
    ],
    "type": "article",
  },
  Symbol(enzyme.__nodes__): Array [
    Object {
      "instance": null,
      "key": undefined,
      "nodeType": "host",
      "props": Object {
        "children": Array [
          <button
            className="favorite-btn highlight"
            onClick={[Function]}
>
            Favorite
</button>,
          Array [
            <div>
              <h3>
                            card
              </h3>
              <p>
                            1
              </p>
</div>,
          ],
        ],
        "className": "card-holder",
      },
      "ref": null,
      "rendered": Array [
        Object {
          "instance": null,
          "key": undefined,
          "nodeType": "host",
          "props": Object {
            "children": "Favorite",
            "className": "favorite-btn highlight",
            "onClick": [Function],
          },
          "ref": null,
          "rendered": "Favorite",
          "type": "button",
        },
        Object {
          "instance": null,
          "key": "0",
          "nodeType": "host",
          "props": Object {
            "children": Array [
              <h3>
                card
</h3>,
              <p>
                1
</p>,
            ],
          },
          "ref": null,
          "rendered": Array [
            Object {
              "instance": null,
              "key": undefined,
              "nodeType": "host",
              "props": Object {
                "children": "card",
              },
              "ref": null,
              "rendered": "card",
              "type": "h3",
            },
            Object {
              "instance": null,
              "key": undefined,
              "nodeType": "host",
              "props": Object {
                "children": 1,
              },
              "ref": null,
              "rendered": 1,
              "type": "p",
            },
          ],
          "type": "div",
        },
      ],
      "type": "article",
    },
  ],
  Symbol(enzyme.__options__): Object {
    "adapter": ReactSixteenAdapter {
      "options": Object {
        "enableComponentDidUpdateOnSetState": true,
      },
    },
  },
}
`;
