// Jest Snapshot v1, https://goo.gl/fbAQLP

exports[`Header tests should match snapshot() 1`] = `
ShallowWrapper {
  "length": 1,
  Symbol(enzyme.__root__): [Circular],
  Symbol(enzyme.__unrendered__): <Header />,
  Symbol(enzyme.__renderer__): Object {
    "batchedUpdates": [Function],
    "getNode": [Function],
    "render": [Function],
    "simulateEvent": [Function],
    "unmount": [Function],
  },
  Symbol(enzyme.__node__): Object {
    "instance": null,
    "key": undefined,
    "nodeType": "host",
    "props": Object {
      "children": Array [
        <h1
          className="main-header"
>
          SWAPI-Box
</h1>,
        <div
          className="header"
/>,
        <Controls
          buttonText="View Favorites:  undefined"
          changeCards={undefined}
          className=" button-favorite "
          favFn={undefined}
          num={undefined}
/>,
      ],
      "className": "header-container",
    },
    "ref": null,
    "rendered": Array [
      Object {
        "instance": null,
        "key": undefined,
        "nodeType": "host",
        "props": Object {
          "children": "SWAPI-Box",
          "className": "main-header",
        },
        "ref": null,
        "rendered": "SWAPI-Box",
        "type": "h1",
      },
      Object {
        "instance": null,
        "key": undefined,
        "nodeType": "host",
        "props": Object {
          "className": "header",
        },
        "ref": null,
        "rendered": null,
        "type": "div",
      },
      Object {
        "instance": null,
        "key": undefined,
        "nodeType": "function",
        "props": Object {
          "buttonText": "View Favorites:  undefined",
          "changeCards": undefined,
          "className": " button-favorite ",
          "favFn": undefined,
          "num": undefined,
        },
        "ref": null,
        "rendered": null,
        "type": [Function],
      },
    ],
    "type": "div",
  },
  Symbol(enzyme.__nodes__): Array [
    Object {
      "instance": null,
      "key": undefined,
      "nodeType": "host",
      "props": Object {
        "children": Array [
          <h1
            className="main-header"
>
            SWAPI-Box
</h1>,
          <div
            className="header"
/>,
          <Controls
            buttonText="View Favorites:  undefined"
            changeCards={undefined}
            className=" button-favorite "
            favFn={undefined}
            num={undefined}
/>,
        ],
        "className": "header-container",
      },
      "ref": null,
      "rendered": Array [
        Object {
          "instance": null,
          "key": undefined,
          "nodeType": "host",
          "props": Object {
            "children": "SWAPI-Box",
            "className": "main-header",
          },
          "ref": null,
          "rendered": "SWAPI-Box",
          "type": "h1",
        },
        Object {
          "instance": null,
          "key": undefined,
          "nodeType": "host",
          "props": Object {
            "className": "header",
          },
          "ref": null,
          "rendered": null,
          "type": "div",
        },
        Object {
          "instance": null,
          "key": undefined,
          "nodeType": "function",
          "props": Object {
            "buttonText": "View Favorites:  undefined",
            "changeCards": undefined,
            "className": " button-favorite ",
            "favFn": undefined,
            "num": undefined,
          },
          "ref": null,
          "rendered": null,
          "type": [Function],
        },
      ],
      "type": "div",
    },
  ],
  Symbol(enzyme.__options__): Object {
    "adapter": ReactSixteenAdapter {
      "options": Object {
        "enableComponentDidUpdateOnSetState": true,
      },
    },
  },
}
`;
